Microchip MPLAB XC8 Compiler V2.45

Linker command line:

-W-3 --edf=/opt/microchip/xc8/v2.45/pic/dat/20230818022343_en.msgs -cn \
  -h+dist/default/production/LMDE-MA.X.production.sym \
  --cmf=dist/default/production/LMDE-MA.X.production.cmf -z -Q16F886 \
  -o/tmp/xcXPgpHfD/driver_tmp_3.o --defsym=__MPLAB_BUILD=1 \
  --fixupoverflow=error -Mdist/default/production/LMDE-MA.X.production.map \
  --md=/tmp/xcXPgpHfD/driver_tmp_0.dat -E1 -ver=XC8 Compiler --acfsm=1493 \
  -ACODE=00h-07FFhx4 -ASTRCODE=00h-01FFFh -ASTRING=00h-0FFhx32 \
  -ACONST=00h-0FFhx32 -AENTRY=00h-0FFhx32 -ACOMMON=070h-07Fh \
  -ABANK0=020h-06Fh -ABANK1=0A0h-0EFh -ABANK2=0110h-016Fh \
  -ABANK3=0190h-01EFh -ARAM=020h-06Fh,0A0h-0EFh,0110h-016Fh,0190h-01EFh \
  -AABS1=020h-07Fh,0A0h-0EFh,0110h-016Fh,0190h-01EFh -ASFR0=00h-01Fh \
  -ASFR1=080h-09Fh -ASFR2=0100h-010Fh -ASFR3=0180h-018Fh \
  -ACONFIG=02007h-02008h -DCONFIG=2 -AIDLOC=02000h-02003h -DIDLOC=2 \
  -AEEDATA=00h-0FFh/02100h -peeprom_data=EEDATA -DEEDATA=2 -DCODE=2 \
  -DSTRCODE=2 -DSTRING=2 -DCONST=2 -DENTRY=2 \
  -preset_vec=00h,intentry=04h,init,end_init -ppowerup=CODE -pcinit=CODE \
  -pfunctab=ENTRY -k /tmp/xcXPgpHfD/driver_tmp_23.o \
  dist/default/production/LMDE-MA.X.production.o 

Object code version is 3.11

Machine type is 16F886



                Name                               Link     Load   Length Selector   Space Scale
/tmp/xcXPgpHfD/driver_tmp_23.o
                end_init                              C        C        3        8       0
                reset_vec                             0        0        3        0       0
                config                             2007     2007        2        0       4
dist/default/production/LMDE-MA.X.production.o
                cinit                                 F        F       2A        8       0
                intentry                              4        4        8        8       0
                config                             2007     2007        2        0       4
                text30                             168C     168C       1D     2D18       0
                text29                              9B5      9B5       7A     136A       0
                text28                             1739     1739       36     2E72       0
                text27                              77B      77B       7E        8       0
                text26                             15FD     15FD        5     2BFA       0
                text25                              37E      37E      2EA        8       0
                text24                              B77      B77      1D3     16EE       0
                text23                             1710     1710       29     2E20       0
                text22                               39       39      345        8       0
                text21                              A2F      A2F       8E     145E       0
                text20                             16E9     16E9       27     2DD2       0
                text19                              ABD      ABD       BA     157A       0
                text18                             16A9     16A9       1F     2D52       0
                text17                             176F     176F       37     2EDE       0
                text16                             1633     1633        D     2C66       0
                text15                             1627     1627        C     2C4E       0
                text14                              7F9      7F9        6        8       0
                text13                             1612     1612        A     2C24       0
                text12                             1602     1602        8     2C04       0
                text11                             161C     161C        B     2C38       0
                text10                             165E     165E       12     2CBC       0
                text9                              1670     1670       1C     2CE0       0
                text8                               94C      94C       69     1298       0
                text7                               8F1      8F1       5B     11E2       0
                text6                               8DE      8DE       13     11BC       0
                text5                              1640     1640        E     2C80       0
                text4                              17A6     17A6       5A     2F4C       0
                text3                               668      668      113        8       0
                text2                              16C8     16C8       21     2D90       0
                text1                              164E     164E       10     2C9C       0
                maintext                            D4A      D4A      2B6     1A94       0
                cstackBANK0                          20       20       50       20       1
                cstackCOMMON                         70       70        8       70       1
                cstackBANK1                          A0       A0       1B       A0       1
                clrtext                            160A     160A        8     2C14       0
                bssBANK3                            190      190       20      190       1
                dataBANK1                            D3       D3        2       A0       1
                bssBANK1                             BB       BB       16       A0       1
                bssCOMMON                            78       78        6       70       1
                strings                             800      800       DD     1000       0
                nvBANK1                              D1       D1        2       A0       1
                idataBANK1                         15FB     15FB        2     2BF6       0

TOTAL           Name                               Link     Load   Length     Space
        CLASS   CODE           
                end_init                              C        C        3         0
                cinit                                 F        F       2A         0
                intentry                              4        4        8         0
                reset_vec                             0        0        3         0
                text30                             168C     168C       1D         0
                text29                              9B5      9B5       7A         0
                text28                             1739     1739       36         0
                text27                              77B      77B       7E         0
                text26                             15FD     15FD        5         0
                text25                              37E      37E      2EA         0
                text24                              B77      B77      1D3         0
                text23                             1710     1710       29         0
                text22                               39       39      345         0
                text21                              A2F      A2F       8E         0
                text20                             16E9     16E9       27         0
                text19                              ABD      ABD       BA         0
                text18                             16A9     16A9       1F         0
                text17                             176F     176F       37         0
                text16                             1633     1633        D         0
                text15                             1627     1627        C         0
                text14                              7F9      7F9        6         0
                text13                             1612     1612        A         0
                text12                             1602     1602        8         0
                text11                             161C     161C        B         0
                text10                             165E     165E       12         0
                text9                              1670     1670       1C         0
                text8                               94C      94C       69         0
                text7                               8F1      8F1       5B         0
                text6                               8DE      8DE       13         0
                text5                              1640     1640        E         0
                text4                              17A6     17A6       5A         0
                text3                               668      668      113         0
                text2                              16C8     16C8       21         0
                text1                              164E     164E       10         0
                maintext                            D4A      D4A      2B6         0
                clrtext                            160A     160A        8         0
                idataBANK1                         15FB     15FB        2         0

        CLASS   STRCODE        

        CLASS   STRING         
                strings                             800      800       DD         0

        CLASS   CONST          

        CLASS   ENTRY          

        CLASS   COMMON         
                cstackCOMMON                         70       70        8         1
                bssCOMMON                            78       78        6         1

        CLASS   BANK0          
                cstackBANK0                          20       20       50         1

        CLASS   BANK1          
                cstackBANK1                          A0       A0       1B         1
                dataBANK1                            D3       D3        2         1
                bssBANK1                             BB       BB       16         1
                nvBANK1                              D1       D1        2         1

        CLASS   BANK2          

        CLASS   BANK3          
                bssBANK3                            190      190       20         1

        CLASS   RAM            

        CLASS   ABS1           
                abs_s1                               7E       7E        2         1

        CLASS   SFR0           

        CLASS   SFR1           

        CLASS   SFR2           

        CLASS   SFR3           

        CLASS   CONFIG         
                config                             2007     2007        2         4

        CLASS   IDLOC          

        CLASS   EEDATA         

        CLASS   HEAP           

        CLASS   STACK          



SEGMENTS        Name                           Load    Length   Top    Selector   Space  Class     Delta

                text2                          0016C8  000021  0016E9      2D90       0  CODE        2
                text20                         0016E9  000027  001710      2DD2       0  CODE        2
                text23                         001710  000029  001739      2E20       0  CODE        2
                text9                          001670  00001C  00168C      2CE0       0  CODE        2
                text30                         00168C  00001D  0016A9      2D18       0  CODE        2
                text18                         0016A9  00001F  0016C8      2D52       0  CODE        2
                text7                          0008F1  00005B  00094C      11E2       0  CODE        2
                text8                          00094C  000069  0009B5      1298       0  CODE        2
                text29                         0009B5  00007A  000A2F      136A       0  CODE        2
                text28                         001739  000036  00176F      2E72       0  CODE        2
                text17                         00176F  000037  0017A6      2EDE       0  CODE        2
                text4                          0017A6  00005A  001800      2F4C       0  CODE        2
                clrtext                        00160A  000008  001612      2C14       0  CODE        2
                text13                         001612  00000A  00161C      2C24       0  CODE        2
                text11                         00161C  00000B  001627      2C38       0  CODE        2
                idataBANK1                     0015FB  000002  0015FD      2BF6       0  CODE        2
                text26                         0015FD  000005  001602      2BFA       0  CODE        2
                text12                         001602  000008  00160A      2C04       0  CODE        2
                text1                          00164E  000010  00165E      2C9C       0  CODE        2
                text10                         00165E  000012  001670      2CBC       0  CODE        2
                text6                          0008DE  000013  0008F1      11BC       0  CODE        2
                text15                         001627  00000C  001633      2C4E       0  CODE        2
                text16                         001633  00000D  001640      2C66       0  CODE        2
                text5                          001640  00000E  00164E      2C80       0  CODE        2
                text21                         000A2F  00008E  000ABD      145E       0  CODE        2
                cstackBANK0                    000020  000050  000070        20       1  BANK0       1
                intentry                       000004  0007FB  0007FF         8       0  CODE        2
                reset_vec                      000000  000003  000003         0       0  CODE        2
                cstackCOMMON                   000070  00000E  00007E        70       1  COMMON      1
                text24                         000B77  0001D3  000D4A      16EE       0  CODE        2
                maintext                       000D4A  0002B6  001000      1A94       0  CODE        2
                strings                        000800  0000DD  0008DD      1000       0  STRING      2
                text19                         000ABD  0000BA  000B77      157A       0  CODE        2
                bssBANK3                       000190  000020  0001B0       190       1  BANK3       1
                cstackBANK1                    0000A0  000035  0000D5        A0       1  BANK1       1


UNUSED ADDRESS RANGES

        Name                Unused          Largest block    Delta
        BANK1            00D5-00EF             1B           1
        BANK2            0110-016F             60           1
        BANK3            01B0-01EF             40           1
        CODE             0003-0003              1           2
                         07FF-07FF              1
                         08DD-08DD              1
                         1000-15FA            5FB
                         1800-1FFF            800
        CONST            0003-0003              1           2
                         07FF-07FF              1
                         08DD-08DD              1
                         1000-15FA            100
                         1800-1FFF            100
        EEDATA           2100-21FF            100           2
        ENTRY            0003-0003              1           2
                         07FF-07FF              1
                         08DD-08DD              1
                         1000-15FA            100
                         1800-1FFF            100
        IDLOC            2000-2003              4           2
        RAM              00D5-00EF             1B           1
                         0110-016F             60
                         01B0-01EF             40
        SFR0             0000-001F             20           1
        SFR1             0080-009F             20           1
        SFR2             0100-010F             10           1
        SFR3             0180-018F             10           1
        STRCODE          0003-0003              1           2
                         07FF-07FF              1
                         08DD-08DD              1
                         1000-15FA            5FB
                         1800-1FFF            800
        STRING           0003-0003              1           2
                         07FF-07FF              1
                         08DD-08DD              1
                         1000-15FA            100
                         1800-1FFF            100

                                  Symbol Table

?_Read_ADC                   cstackCOMMON 0070
?__Umul8_16                  cstackBANK0  0020
?___awdiv                    cstackBANK0  0026
?___awmod                    cstackBANK0  0020
?___fladd                    cstackBANK0  0062
?___fldiv                    cstackBANK0  002E
?___flmul                    cstackBANK0  0048
?___fltol                    cstackBANK1  00A8
?___wmul                     cstackBANK0  0020
?___xxtofl                   cstackBANK0  0020
?_abs                        cstackBANK0  0027
?_printf                     cstackBANK0  003F
?_vfprintf                   cstackBANK0  003B
Read_ADC@channel             cstackCOMMON 0075
Read_ADC@salida              cstackCOMMON 0073
SK9822_SendColor@blue        cstackBANK0  0027
SK9822_SendColor@brigthness  cstackBANK0  002B
SK9822_SendColor@global      cstackBANK0  002E
SK9822_SendColor@green       cstackBANK0  0026
SK9822_SendColor@i           cstackBANK0  002F
SK9822_SendColor@i_670       cstackBANK0  002C
SK9822_SendColor@i_671       cstackBANK0  0031
SK9822_SendColor@n           cstackBANK0  0028
SK9822_SendColor@red         cstackBANK0  0025
_ADCON0bits                  (abs)        001F
_ADCON1bits                  (abs)        009F
_ADIE                        (abs)        0466
_ADRESH                      (abs)        001E
_ADRESL                      (abs)        009E
_ANSEL                       (abs)        0188
_ANSELH                      (abs)        0189
_BAUDCTLbits                 (abs)        0187
_CCP1CONbits                 (abs)        0017
_CCPR1L                      (abs)        0015
_EEADR                       (abs)        010D
_EECON1                      (abs)        018C
_EECON1bits                  (abs)        018C
_EECON2                      (abs)        018D
_EEDATA                      (abs)        010C
_INTCONbits                  (abs)        000B
_NR                          bssCOMMON    007A
_NR_aux                      bssBANK1     00CB
_NR_mayor                    bssCOMMON    0078
_OPTION_REGbits              (abs)        0081
_OSCCON                      (abs)        008F
_PIE1bits                    (abs)        008C
_PIR1bits                    (abs)        000C
_PORTAbits                   (abs)        0005
_PORTCbits                   (abs)        0007
_PR2                         (abs)        0092
_RCSTAbits                   (abs)        0018
_Read_ADC                    text30       168C
_SK9822_SendColor            text27       077B
_SPBRG                       (abs)        0099
_SPBRGH                      (abs)        009A
_SPI_Init_Master             text26       15FD
_SSPBUF                      (abs)        0013
_SSPCON2bits                 (abs)        0091
_STATUSbits                  (abs)        0003
_T2CONbits                   (abs)        0012
_TMR0                        (abs)        0001
_TRISA                       (abs)        0085
_TRISB                       (abs)        0086
_TRISC                       (abs)        0087
_TRISC0                      (abs)        0438
_TRISC5                      (abs)        043D
_TRMT                        (abs)        04C1
_TXREG                       (abs)        0019
_TXSTAbits                   (abs)        0098
__H__absolute__              __absolute__ 0000
__Habs1                      abs1         0000
__Hbank0                     bank0        0000
__Hbank1                     bank1        0000
__Hbank2                     bank2        0000
__Hbank3                     bank3        0000
__HbssBANK1                  bssBANK1     0000
__HbssBANK3                  bssBANK3     0000
__HbssCOMMON                 bssCOMMON    0000
__Hcinit                     cinit        0039
__Hclrtext                   clrtext      0000
__Hcode                      code         0000
__Hcommon                    common       0000
__Hconfig                    config       2009
__HcstackBANK0               cstackBANK0  0000
__HcstackBANK1               cstackBANK1  0000
__HcstackCOMMON              cstackCOMMON 0000
__HdataBANK1                 dataBANK1    0000
__Heeprom_data               eeprom_data  0000
__Hend_init                  end_init     000F
__Hfunctab                   functab      0000
__Hheap                      heap         0000
__HidataBANK1                idataBANK1   0000
__Hinit                      init         000C
__Hintentry                  intentry     000C
__Hmaintext                  maintext     0000
__HnvBANK1                   nvBANK1      0000
__Hpowerup                   powerup      0000
__Hram                       ram          0000
__Hreset_vec                 reset_vec    0003
__Hsfr0                      sfr0         0000
__Hsfr1                      sfr1         0000
__Hsfr2                      sfr2         0000
__Hsfr3                      sfr3         0000
__Hspace_0                   (abs)        1800
__Hspace_1                   (abs)        01B0
__Hspace_2                   (abs)        0000
__Hspace_3                   (abs)        0000
__Hspace_4                   (abs)        4010
__Hstack                     stack        0000
__Hstrings                   strings      0000
__Htext                      text         0000
__L__absolute__              __absolute__ 0000
__Labs1                      abs1         0000
__Lbank0                     bank0        0000
__Lbank1                     bank1        0000
__Lbank2                     bank2        0000
__Lbank3                     bank3        0000
__LbssBANK1                  bssBANK1     0000
__LbssBANK3                  bssBANK3     0000
__LbssCOMMON                 bssCOMMON    0000
__Lcinit                     cinit        000F
__Lclrtext                   clrtext      0000
__Lcode                      code         0000
__Lcommon                    common       0000
__Lconfig                    config       0000
__LcstackBANK0               cstackBANK0  0000
__LcstackBANK1               cstackBANK1  0000
__LcstackCOMMON              cstackCOMMON 0000
__LdataBANK1                 dataBANK1    0000
__Leeprom_data               eeprom_data  0000
__Lend_init                  end_init     000C
__Lfunctab                   functab      0000
__Lheap                      heap         0000
__LidataBANK1                idataBANK1   0000
__Linit                      init         000C
__Lintentry                  intentry     0004
__Lmaintext                  maintext     0000
__LnvBANK1                   nvBANK1      0000
__Lpowerup                   powerup      0000
__Lram                       ram          0000
__Lreset_vec                 reset_vec    0000
__Lsfr0                      sfr0         0000
__Lsfr1                      sfr1         0000
__Lsfr2                      sfr2         0000
__Lsfr3                      sfr3         0000
__Lspace_0                   (abs)        0000
__Lspace_1                   (abs)        0000
__Lspace_2                   (abs)        0000
__Lspace_3                   (abs)        0000
__Lspace_4                   (abs)        0000
__Lstack                     stack        0000
__Lstrings                   strings      0000
__Ltext                      text         0000
__S0                         (abs)        1800
__S1                         (abs)        01B0
__S3                         (abs)        0000
__Umul8_16                   text23       1710
__Umul8_16@multiplicand      cstackBANK0  0020
__Umul8_16@multiplier        cstackBANK0  0028
__Umul8_16@product           cstackBANK0  0024
__Umul8_16@word_mpld         cstackBANK0  0026
___awdiv                     text8        094C
___awdiv@counter             cstackBANK0  002B
___awdiv@dividend            cstackBANK0  0028
___awdiv@divisor             cstackBANK0  0026
___awdiv@quotient            cstackBANK0  002D
___awdiv@sign                cstackBANK0  002C
___awmod                     text7        08F1
___awmod@counter             cstackBANK0  0025
___awmod@dividend            cstackBANK0  0022
___awmod@divisor             cstackBANK0  0020
___awmod@sign                cstackBANK0  0026
___fladd                     text25       037E
___fladd@a                   cstackBANK0  0066
___fladd@aexp                cstackBANK0  006B
___fladd@b                   cstackBANK0  0062
___fladd@bexp                cstackBANK0  006C
___fladd@grs                 cstackBANK0  006D
___fladd@signs               cstackBANK0  006A
___fldiv                     text24       0B77
___fldiv@a                   cstackBANK0  002E
___fldiv@aexp                cstackBANK0  0047
___fldiv@b                   cstackBANK0  0032
___fldiv@bexp                cstackBANK0  0046
___fldiv@grs                 cstackBANK0  0042
___fldiv@new_exp             cstackBANK0  0040
___fldiv@rem                 cstackBANK0  003B
___fldiv@sign                cstackBANK0  003F
___flmul                     text22       0039
___flmul@a                   cstackBANK0  004C
___flmul@aexp                cstackBANK0  005A
___flmul@b                   cstackBANK0  0048
___flmul@bexp                cstackBANK0  005B
___flmul@grs                 cstackBANK0  0056
___flmul@prod                cstackBANK0  005C
___flmul@sign                cstackBANK0  0055
___flmul@temp                cstackBANK0  0060
___fltol                     text21       0A2F
___fltol@exp1                cstackBANK0  006F
___fltol@f1                  cstackBANK1  00A8
___fltol@sign1               cstackBANK0  006E
___heap_hi                   (abs)        0000
___heap_lo                   (abs)        0000
___int_sp                    stack        0000
___int_stack_hi              stack        0000
___int_stack_lo              stack        0000
___latbits                   (abs)        0002
___sp                        stack        0000
___stack_hi                  stack        0000
___stack_lo                  stack        0000
___stackhi                   (abs)        0000
___stacklo                   (abs)        0000
___wmul                      text20       16E9
___wmul@multiplicand         cstackBANK0  0022
___wmul@multiplier           cstackBANK0  0020
___wmul@product              cstackBANK0  0024
___xxtofl                    text19       0ABD
___xxtofl@arg                cstackBANK0  002A
___xxtofl@exp                cstackBANK0  0029
___xxtofl@sign               cstackBANK0  0028
___xxtofl@val                cstackBANK0  0020
__end_of_Read_ADC            text30       16A9
__end_of_SK9822_SendColor    text27       07F9
__end_of_SPI_Init_Master     text26       1602
__end_of__Umul8_16           text23       1739
__end_of___awdiv             text8        09B5
__end_of___awmod             text7        094C
__end_of___fladd             text25       0668
__end_of___fldiv             text24       0D4A
__end_of___flmul             text22       037E
__end_of___fltol             text21       0ABD
__end_of___wmul              text20       1710
__end_of___xxtofl            text19       0B77
__end_of__initialization     cinit        0035
__end_of__stringtab          strings      0806
__end_of_abs                 text6        08F1
__end_of_eeprom_read         text18       16C8
__end_of_eeprom_write        text17       17A6
__end_of_fputc               text4        1800
__end_of_init_CAD            text16       1640
__end_of_init_PWM            text15       1633
__end_of_init_interrupciones text14       07FF
__end_of_init_portB          text13       161C
__end_of_init_portC          text12       160A
__end_of_init_timer0         text11       1627
__end_of_init_timer2         text10       1670
__end_of_init_uart           text9        168C
__end_of_int_pasive          text29       0A2F
__end_of_main                maintext     1000
__end_of_printf              text1        165E
__end_of_putch               text5        164E
__end_of_spi_write_read      text28       176F
__end_of_vfpfcnvrt           text3        077B
__end_of_vfprintf            text2        16E9
__initialization             cinit        000F
__pbssBANK1                  bssBANK1     00BB
__pbssBANK3                  bssBANK3     0190
__pbssCOMMON                 bssCOMMON    0078
__pcstackBANK0               cstackBANK0  0020
__pcstackBANK1               cstackBANK1  00A0
__pcstackCOMMON              cstackCOMMON 0070
__pdataBANK1                 dataBANK1    00D3
__pidataBANK1                idataBANK1   15FB
__pintentry                  intentry     0004
__pmaintext                  maintext     0D4A
__pnvBANK1                   nvBANK1      00D1
__pstrings                   strings      0800
__ptext1                     text1        164E
__ptext10                    text10       165E
__ptext11                    text11       161C
__ptext12                    text12       1602
__ptext13                    text13       1612
__ptext14                    text14       07F9
__ptext15                    text15       1627
__ptext16                    text16       1633
__ptext17                    text17       176F
__ptext18                    text18       16A9
__ptext19                    text19       0ABD
__ptext2                     text2        16C8
__ptext20                    text20       16E9
__ptext21                    text21       0A2F
__ptext22                    text22       0039
__ptext23                    text23       1710
__ptext24                    text24       0B77
__ptext25                    text25       037E
__ptext26                    text26       15FD
__ptext27                    text27       077B
__ptext28                    text28       1739
__ptext29                    text29       09B5
__ptext3                     text3        0668
__ptext30                    text30       168C
__ptext4                     text4        17A6
__ptext5                     text5        1640
__ptext6                     text6        08DE
__ptext7                     text7        08F1
__ptext8                     text8        094C
__ptext9                     text9        1670
__stringbase                 strings      0805
__stringtab                  strings      0800
_abs                         text6        08DE
_cont_NR                     bssBANK1     00C5
_cont_sec                    bssBANK1     00C3
_cont_v                      bssBANK1     00C7
_dbuf                        bssBANK3     0190
_eeprom_read                 text18       16A9
_eeprom_write                text17       176F
_flags                       bssCOMMON    007C
_fputc                       text4        17A6
_humidity                    bssBANK1     00CD
_init_CAD                    text16       1633
_init_PWM                    text15       1627
_init_interrupciones         text14       07F9
_init_portB                  text13       1612
_init_portC                  text12       1602
_init_timer0                 text11       161C
_init_timer2                 text10       165E
_init_uart                   text9        1670
_int_pasive                  text29       09B5
_main                        maintext     0D4A
_main$1488                   cstackBANK1  00B3
_prec                        bssBANK1     00C1
_printf                      text1        164E
_putch                       text5        1640
_spi_write_read              text28       1739
_temp                        bssBANK1     00C9
_vfpfcnvrt                   text3        0668
_vfprintf                    text2        16C8
_width                       bssBANK1     00BF
_x                           nvBANK1      00D1
abs@a                        cstackBANK0  0027
btemp                        (abs)        007E
clear_ram0                   clrtext      160A
eeprom_read@addr             cstackBANK0  0021
eeprom_write@addr            cstackBANK0  0022
eeprom_write@value           cstackBANK0  0020
end_of_initialization        cinit        0035
fputc@c                      cstackBANK0  0021
fputc@fp                     cstackBANK0  0023
interrupt_function           intentry     0004
intlevel0                    functab      0000
intlevel1                    functab      0000
intlevel2                    functab      0000
intlevel3                    functab      0000
intlevel4                    functab      0000
intlevel5                    functab      0000
main@degreesC                cstackBANK1  00B9
main@hum_percentage          cstackBANK1  00B7
printf@ap                    cstackBANK0  0041
printf@fmt                   cstackBANK0  0042
putch@c                      cstackBANK0  0020
reset_vec                    reset_vec    0000
saved_w                      (abs)        007E
spi_write_read@answer        cstackBANK0  0023
spi_write_read@one_byte      cstackBANK0  0022
spi_write_read@x             cstackBANK0  0024
start                        init         000C
start_initialization         cinit        000F
vfpfcnvrt@ap                 cstackBANK0  0030
vfpfcnvrt@c                  cstackBANK0  003A
vfpfcnvrt@convarg            cstackBANK0  0036
vfpfcnvrt@cp                 cstackBANK0  0034
vfpfcnvrt@done               cstackBANK0  0033
vfpfcnvrt@fmt                cstackBANK0  002F
vfpfcnvrt@fp                 cstackBANK0  0035
vfprintf@ap                  cstackBANK0  003C
vfprintf@cfmt                cstackBANK0  003E
vfprintf@fmt                 cstackBANK0  003B
vfprintf@fp                  cstackBANK0  003D
wtemp0                       (abs)        007E


MODULE INFORMATION

Module		Function		Class		Link	Load	Size
spi-master-v1.c
		_spi_write_read		CODE           	1739	0000	54

spi-master-v1.c estimated size: 54

/opt/microchip/xc8/v2.45/pic/sources/c99/common/sprcadd.c
		___fladd       		CODE           	037E	0000	746

/opt/microchip/xc8/v2.45/pic/sources/c99/common/sprcadd.c estimated size: 746

/opt/microchip/xc8/v2.45/pic/sources/c99/common/awdiv.c
		___awdiv       		CODE           	094C	0000	105

/opt/microchip/xc8/v2.45/pic/sources/c99/common/awdiv.c estimated size: 105

/opt/microchip/xc8/v2.45/pic/sources/c99/common/fltol.c
		___fltol       		CODE           	0A2F	0000	142

/opt/microchip/xc8/v2.45/pic/sources/c99/common/fltol.c estimated size: 142

/opt/microchip/xc8/v2.45/pic/sources/c99/common/Umul8_16.c
		__Umul8_16     		CODE           	1710	0000	41

/opt/microchip/xc8/v2.45/pic/sources/c99/common/Umul8_16.c estimated size: 41

/opt/microchip/xc8/v2.45/pic/sources/c99/pic/__eewrite.c
		_eeprom_write  		CODE           	176F	0000	55

/opt/microchip/xc8/v2.45/pic/sources/c99/pic/__eewrite.c estimated size: 55

/opt/microchip/xc8/v2.45/pic/sources/c99/common/doprnt.c
		_vfpfcnvrt     		CODE           	0668	0000	275
		_vfprintf      		CODE           	16C8	0000	33

/opt/microchip/xc8/v2.45/pic/sources/c99/common/doprnt.c estimated size: 308

/opt/microchip/xc8/v2.45/pic/sources/c99/common/abs.c
		_abs           		CODE           	08DE	0000	19

/opt/microchip/xc8/v2.45/pic/sources/c99/common/abs.c estimated size: 19

/opt/microchip/xc8/v2.45/pic/sources/c99/pic/__eeread.c
		_eeprom_read   		CODE           	16A9	0000	31

/opt/microchip/xc8/v2.45/pic/sources/c99/pic/__eeread.c estimated size: 31

/opt/microchip/xc8/v2.45/pic/sources/c99/common/nf_fputc.c
		_fputc         		CODE           	17A6	0000	90

/opt/microchip/xc8/v2.45/pic/sources/c99/common/nf_fputc.c estimated size: 90

/opt/microchip/xc8/v2.45/pic/sources/c99/common/Umul16.c
		___wmul        		CODE           	16E9	0000	39

/opt/microchip/xc8/v2.45/pic/sources/c99/common/Umul16.c estimated size: 39

Main.c
		_init_CAD      		CODE           	1633	0000	13
		_putch         		CODE           	1640	0000	14
		_SK9822_SendColor		CODE           	077B	0000	126
		_SPI_Init_Master		CODE           	15FD	0000	5
		_init_portB    		CODE           	1612	0000	10
		_init_portC    		CODE           	1602	0000	8
		_main          		CODE           	0D4A	0000	694
		_Read_ADC      		CODE           	168C	0000	29
		_init_uart     		CODE           	1670	0000	28
		_int_pasive    		CODE           	09B5	0000	122
		_init_timer0   		CODE           	161C	0000	11
		_init_timer2   		CODE           	165E	0000	18
		_init_interrupciones		CODE           	07F9	0000	6
		_init_PWM      		CODE           	1627	0000	12

Main.c estimated size: 1096

shared
		__stringtab    		STRING         	0800	0000	6
		__initialization		CODE           	000F	0000	38

shared estimated size: 44

/opt/microchip/xc8/v2.45/pic/sources/c99/common/sprcmul.c
		___flmul       		CODE           	0039	0000	837

/opt/microchip/xc8/v2.45/pic/sources/c99/common/sprcmul.c estimated size: 837

/opt/microchip/xc8/v2.45/pic/sources/c99/common/sprcdiv.c
		___fldiv       		CODE           	0B77	0000	467

/opt/microchip/xc8/v2.45/pic/sources/c99/common/sprcdiv.c estimated size: 467

/opt/microchip/xc8/v2.45/pic/sources/c99/common/awmod.c
		___awmod       		CODE           	08F1	0000	91

/opt/microchip/xc8/v2.45/pic/sources/c99/common/awmod.c estimated size: 91

/opt/microchip/xc8/v2.45/pic/sources/c99/common/xxtofl.c
		___xxtofl      		CODE           	0ABD	0000	186

/opt/microchip/xc8/v2.45/pic/sources/c99/common/xxtofl.c estimated size: 186

/opt/microchip/xc8/v2.45/pic/sources/c99/common/printf.c
		_printf        		CODE           	164E	0000	16

/opt/microchip/xc8/v2.45/pic/sources/c99/common/printf.c estimated size: 16

